%!Adobe-FontList 1.25
%Locale:0x412

%BeginFont
Handler:DirectoryHandler
FontType:TrueType
FontName:Aboreto-Regular
FamilyName:Aboreto
StyleName:Regular
MenuName:Aboreto
StyleBits:0
WeightClass:400
WidthClass:5
AngleClass:0
FullName:Aboreto Regular
WritingScript:Roman
OutlineFileName:/Users/cbr/Woowa_CBR/0. WORK/WORK IN PROGRESS/2026 bookstore project/bookstore_detour_indd 폴더/Document fonts/Aboreto-Regular.ttf
DataFormat:sfntData
hasSVG:no
hasSBIX:no
hasCOLR:no
VariableFontType:NonVariableFont
FileLength:47988
FileModTime:770284272
NameArray:0,Win,1,Aboreto
%EndFont

%BeginFont
Handler:DirectoryHandler
FontType:Invalid
OutlineFileName:/Users/cbr/Woowa_CBR/0. WORK/WORK IN PROGRESS/2026 bookstore project/bookstore_detour_indd 폴더/Document fonts/AdobeFnt25.lst
FileLength:1139
FileModTime:809358903
%EndFont

%BeginFont
Handler:DirectoryHandler
FontType:TrueType
FontName:KronaOne-Regular
FamilyName:Krona One
StyleName:Regular
MenuName:Krona One
StyleBits:0
WeightClass:400
WidthClass:5
AngleClass:0
FullName:Krona One
WritingScript:Roman
OutlineFileName:/Users/cbr/Woowa_CBR/0. WORK/WORK IN PROGRESS/2026 bookstore project/bookstore_detour_indd 폴더/Document fonts/KronaOne-Regular.ttf
DataFormat:sfntData
hasSVG:no
hasSBIX:no
hasCOLR:no
VariableFontType:NonVariableFont
FileLength:33208
FileModTime:778723714
NameArray:0,Win,1,Krona One
%EndFont

